// Jest Snapshot v1, https://jestjs.io/docs/snapshot-testing

exports[`renders correctly 1`] = `
<div>
  <h1
    class="title"
  >
    makowis.dev
  </h1>
  <p
    class="description"
  >
    ポートフォリオサイトという名のリンク集
  </p>
  <section
    class="subSection"
  >
    <h2
      class="subTitle"
    >
      Links
    </h2>
    <ul
      class="links"
    >
      <li>
        <a
          href="https://twitter.com/mako_wis"
        >
          Twitter
        </a>
      </li>
      <li>
        <a
          href="https://www.facebook.com/makoto.henmi"
        >
          Facebook
        </a>
      </li>
      <li>
        <a
          href="https://www.instagram.com/mako_wis/"
        >
          Instagram
        </a>
      </li>
      <li>
        <a
          href="https://github.com/makowis"
        >
          GitHub
        </a>
      </li>
      <li>
        <a
          href="https://speakerdeck.com/makowis"
        >
          Speaker Deck
        </a>
      </li>
      <li>
        <a
          href="https://mako-wis.hatenablog.com/"
        >
          Blog
        </a>
      </li>
    </ul>
  </section>
</div>
`;
